// Jest Snapshot v1, https://goo.gl/fbAQLP

exports[`amplify-forgot-password spec: Render logic -> should render loading overlay by default 1`] = `
<amplify-forgot-password scenename="{'scene1'}">
  <amplify-form-section headertext="Reset your password">
    <amplify-auth-fields></amplify-auth-fields>
  </amplify-form-section>
</amplify-forgot-password>
`;
