// Jest Snapshot v1, https://goo.gl/fbAQLP

exports[`amplify-icon renders correct HTML 1`] = `
<amplify-icon name="sound-mute">
  <span class="amplify-ui-icon css-11j4bfh">
    <svg height="19" viewBox="0 0 19 19" width="19" xmlns="http://www.w3.org/2000/svg">
      <g fillRule="evenodd" id="icons/minis/volumeOff">
        <path d="M3.48026899,12.9630494 C3.63825091,12.9630494 3.79237961,13.0108921 3.92264322,13.1003479 L8.77467683,16.8113609 C9.29423971,17.1679383 10,16.7950396 10,16.1637406 L10,3.78619489 C10,3.15489596 9.29423971,2.78199725 8.77467683,3.13857463 L3.92264322,6.84545211 C3.79237961,6.93490793 3.63825091,6.9827506 3.48026899,6.9827506 L1.78294894,6.9827506 C1.3505185,6.9827506 1,7.33409518 1,7.76754476 L1,12.1781306 C1,12.6117048 1.3505185,12.9630494 1.78294894,12.9630494 L3.48026899,12.9630494 Z M17.2118156,7 L15.0918385,9.11997713 L12.9718614,7 L12,7.97174685 L14.1200917,10.091724 L12,12.2118156 L12.9718614,13.1835625 L15.0918385,11.0635854 L17.2118156,13.1835625 L18.1835625,12.2118156 L16.0635854,10.091724 L18.1835625,7.97174685 L17.2118156,7 Z" id="Fill-2"></path>
      </g>
    </svg>
  </span>
</amplify-icon>
`;
