// Jest Snapshot v1, https://goo.gl/fbAQLP

exports[`amplify-auth0-button stories defaults 1`] = `null`;
