// Jest Snapshot v1, https://goo.gl/fbAQLP

exports[`FederatedButtons test render test render nothing with incorrect authState 1`] = `""`;

exports[`FederatedButtons test render test render nothing with incorrect authState 2`] = `null`;

exports[`FederatedButtons test render test render nothing with no federated prop 1`] = `""`;

exports[`FederatedButtons test render test render nothing with no federated prop 2`] = `null`;

exports[`FederatedButtons test render test render with correct authState 1`] = `
<div>
  <div>
    <class_1
      google_client_id="google_client_id"
    />
  </div>
  <div>
    <class_1
      facebook_app_id="facebook_app_id"
    />
  </div>
  <div />
  <div />
  <div />
  <Component
    theme={
      Object {
        "a": Object {},
        "actionRow": Object {},
        "amazonSignInButton": Object {},
        "button": Object {},
        "container": Object {},
        "facebookSignInButton": Object {},
        "formContainer": Object {},
        "formField": Object {},
        "formRow": Object {},
        "formSection": Object {},
        "googleSignInButton": Object {},
        "hint": Object {},
        "input": Object {},
        "inputLabel": Object {},
        "label": Object {},
        "nav": Object {},
        "navBar": Object {},
        "navButton": Object {},
        "navItem": Object {},
        "navRight": Object {},
        "oAuthSignInButton": Object {},
        "photoPickerButton": Object {},
        "photoPlaceholder": Object {},
        "radio": Object {},
        "sectionBody": Object {},
        "sectionFooter": Object {},
        "sectionFooterPrimaryContent": Object {},
        "sectionFooterSecondaryContent": Object {},
        "sectionHeader": Object {},
        "signInButton": Object {},
        "signInButtonContent": Object {},
        "signInButtonIcon": Object {},
        "strike": Object {},
        "strikeContent": Object {},
        "toast": Object {},
      }
    }
  >
    or
  </Component>
</div>
`;

exports[`FederatedButtons test render test render with correct authState 2`] = `
<div>
  <div>
    <button
      class="Button__signInButton___3bUH-"
      id="Button__googleSignInButton___1YiCu"
      variant="googleSignInButton"
    >
      <span
        class="Button__signInButtonIcon___ihN75"
      >
        <svg
          preserveAspectRatio="xMidYMid"
          viewBox="0 0 256 262"
          xmlns="http://ww0w.w3.org/2000/svg"
        >
          <path
            d="M255.878 133.451c0-10.734-.871-18.567-2.756-26.69H130.55v48.448h71.947c-1.45 12.04-9.283 30.172-26.69 42.356l-.244 1.622 38.755 30.023 2.685.268c24.659-22.774 38.875-56.282 38.875-96.027"
            fill="#4285F4"
          />
          <path
            d="M130.55 261.1c35.248 0 64.839-11.605 86.453-31.622l-41.196-31.913c-11.024 7.688-25.82 13.055-45.257 13.055-34.523 0-63.824-22.773-74.269-54.25l-1.531.13-40.298 31.187-.527 1.465C35.393 231.798 79.49 261.1 130.55 261.1"
            fill="#34A853"
          />
          <path
            d="M56.281 156.37c-2.756-8.123-4.351-16.827-4.351-25.82 0-8.994 1.595-17.697 4.206-25.82l-.073-1.73L15.26 71.312l-1.335.635C5.077 89.644 0 109.517 0 130.55s5.077 40.905 13.925 58.602l42.356-32.782"
            fill="#FBBC05"
          />
          <path
            d="M130.55 50.479c24.514 0 41.05 10.589 50.479 19.438l36.844-35.974C195.245 12.91 165.798 0 130.55 0 79.49 0 35.393 29.301 13.925 71.947l42.211 32.783c10.59-31.477 39.891-54.251 74.414-54.251"
            fill="#EB4335"
          />
        </svg>
      </span>
      <span
        class="Button__signInButtonContent___xqTXJ"
      >
        Sign In with Google
      </span>
    </button>
  </div>
  <div>
    <button
      class="Button__signInButton___3bUH-"
      id="Button__facebookSignInButton___34Txh"
      variant="facebookSignInButton"
    >
      <span
        class="Button__signInButtonIcon___ihN75"
      >
        <svg
          viewBox="0 0 279 538"
          xmlns="http://www.w3.org/2000/svg"
        >
          <g
            fill="none"
            fill-rule="evenodd"
            id="Page-1"
          >
            <g
              fill="#FFF"
              id="Artboard"
            >
              <path
                d="M82.3409742,538 L82.3409742,292.936652 L0,292.936652 L0,196.990154 L82.2410458,196.990154 L82.2410458,126.4295 C82.2410458,44.575144 132.205229,0 205.252865,0 C240.227794,0 270.306232,2.59855099 279,3.79788222 L279,89.2502322 L228.536175,89.2502322 C188.964542,89.2502322 181.270057,108.139699 181.270057,135.824262 L181.270057,196.89021 L276.202006,196.89021 L263.810888,292.836708 L181.16913,292.836708 L181.16913,538 L82.3409742,538 Z"
                id="Fill-1"
              />
            </g>
          </g>
        </svg>
      </span>
      <span
        class="Button__signInButtonContent___xqTXJ"
      >
        Sign In with Facebook
      </span>
    </button>
  </div>
  <div />
  <div />
  <div />
  <div
    class="Strike__strike___1XV1b"
  >
    <span
      class="Strike__strikeContent___10gLb"
    >
      or
    </span>
  </div>
</div>
`;

exports[`FederatedButtons test render test render with correct authState and only facebook id 1`] = `
<div>
  <div />
  <div>
    <class_1
      facebook_app_id="facebook_app_id"
    />
  </div>
  <div />
  <div />
  <div />
  <Component
    theme={
      Object {
        "a": Object {},
        "actionRow": Object {},
        "amazonSignInButton": Object {},
        "button": Object {},
        "container": Object {},
        "facebookSignInButton": Object {},
        "formContainer": Object {},
        "formField": Object {},
        "formRow": Object {},
        "formSection": Object {},
        "googleSignInButton": Object {},
        "hint": Object {},
        "input": Object {},
        "inputLabel": Object {},
        "label": Object {},
        "nav": Object {},
        "navBar": Object {},
        "navButton": Object {},
        "navItem": Object {},
        "navRight": Object {},
        "oAuthSignInButton": Object {},
        "photoPickerButton": Object {},
        "photoPlaceholder": Object {},
        "radio": Object {},
        "sectionBody": Object {},
        "sectionFooter": Object {},
        "sectionFooterPrimaryContent": Object {},
        "sectionFooterSecondaryContent": Object {},
        "sectionHeader": Object {},
        "signInButton": Object {},
        "signInButtonContent": Object {},
        "signInButtonIcon": Object {},
        "strike": Object {},
        "strikeContent": Object {},
        "toast": Object {},
      }
    }
  >
    or
  </Component>
</div>
`;

exports[`FederatedButtons test render test render with correct authState and only facebook id 2`] = `
<div>
  <div />
  <div>
    <button
      class="Button__signInButton___3bUH-"
      id="Button__facebookSignInButton___34Txh"
      variant="facebookSignInButton"
    >
      <span
        class="Button__signInButtonIcon___ihN75"
      >
        <svg
          viewBox="0 0 279 538"
          xmlns="http://www.w3.org/2000/svg"
        >
          <g
            fill="none"
            fill-rule="evenodd"
            id="Page-1"
          >
            <g
              fill="#FFF"
              id="Artboard"
            >
              <path
                d="M82.3409742,538 L82.3409742,292.936652 L0,292.936652 L0,196.990154 L82.2410458,196.990154 L82.2410458,126.4295 C82.2410458,44.575144 132.205229,0 205.252865,0 C240.227794,0 270.306232,2.59855099 279,3.79788222 L279,89.2502322 L228.536175,89.2502322 C188.964542,89.2502322 181.270057,108.139699 181.270057,135.824262 L181.270057,196.89021 L276.202006,196.89021 L263.810888,292.836708 L181.16913,292.836708 L181.16913,538 L82.3409742,538 Z"
                id="Fill-1"
              />
            </g>
          </g>
        </svg>
      </span>
      <span
        class="Button__signInButtonContent___xqTXJ"
      >
        Sign In with Facebook
      </span>
    </button>
  </div>
  <div />
  <div />
  <div />
  <div
    class="Strike__strike___1XV1b"
  >
    <span
      class="Strike__strikeContent___10gLb"
    >
      or
    </span>
  </div>
</div>
`;

exports[`FederatedButtons test render test render with correct authState and only google id 1`] = `
<div>
  <div>
    <class_1
      google_client_id="google_client_id"
    />
  </div>
  <div />
  <div />
  <div />
  <div />
  <Component
    theme={
      Object {
        "a": Object {},
        "actionRow": Object {},
        "amazonSignInButton": Object {},
        "button": Object {},
        "container": Object {},
        "facebookSignInButton": Object {},
        "formContainer": Object {},
        "formField": Object {},
        "formRow": Object {},
        "formSection": Object {},
        "googleSignInButton": Object {},
        "hint": Object {},
        "input": Object {},
        "inputLabel": Object {},
        "label": Object {},
        "nav": Object {},
        "navBar": Object {},
        "navButton": Object {},
        "navItem": Object {},
        "navRight": Object {},
        "oAuthSignInButton": Object {},
        "photoPickerButton": Object {},
        "photoPlaceholder": Object {},
        "radio": Object {},
        "sectionBody": Object {},
        "sectionFooter": Object {},
        "sectionFooterPrimaryContent": Object {},
        "sectionFooterSecondaryContent": Object {},
        "sectionHeader": Object {},
        "signInButton": Object {},
        "signInButtonContent": Object {},
        "signInButtonIcon": Object {},
        "strike": Object {},
        "strikeContent": Object {},
        "toast": Object {},
      }
    }
  >
    or
  </Component>
</div>
`;

exports[`FederatedButtons test render test render with correct authState and only google id 2`] = `
<div>
  <div>
    <button
      class="Button__signInButton___3bUH-"
      id="Button__googleSignInButton___1YiCu"
      variant="googleSignInButton"
    >
      <span
        class="Button__signInButtonIcon___ihN75"
      >
        <svg
          preserveAspectRatio="xMidYMid"
          viewBox="0 0 256 262"
          xmlns="http://ww0w.w3.org/2000/svg"
        >
          <path
            d="M255.878 133.451c0-10.734-.871-18.567-2.756-26.69H130.55v48.448h71.947c-1.45 12.04-9.283 30.172-26.69 42.356l-.244 1.622 38.755 30.023 2.685.268c24.659-22.774 38.875-56.282 38.875-96.027"
            fill="#4285F4"
          />
          <path
            d="M130.55 261.1c35.248 0 64.839-11.605 86.453-31.622l-41.196-31.913c-11.024 7.688-25.82 13.055-45.257 13.055-34.523 0-63.824-22.773-74.269-54.25l-1.531.13-40.298 31.187-.527 1.465C35.393 231.798 79.49 261.1 130.55 261.1"
            fill="#34A853"
          />
          <path
            d="M56.281 156.37c-2.756-8.123-4.351-16.827-4.351-25.82 0-8.994 1.595-17.697 4.206-25.82l-.073-1.73L15.26 71.312l-1.335.635C5.077 89.644 0 109.517 0 130.55s5.077 40.905 13.925 58.602l42.356-32.782"
            fill="#FBBC05"
          />
          <path
            d="M130.55 50.479c24.514 0 41.05 10.589 50.479 19.438l36.844-35.974C195.245 12.91 165.798 0 130.55 0 79.49 0 35.393 29.301 13.925 71.947l42.211 32.783c10.59-31.477 39.891-54.251 74.414-54.251"
            fill="#EB4335"
          />
        </svg>
      </span>
      <span
        class="Button__signInButtonContent___xqTXJ"
      >
        Sign In with Google
      </span>
    </button>
  </div>
  <div />
  <div />
  <div />
  <div />
  <div
    class="Strike__strike___1XV1b"
  >
    <span
      class="Strike__strikeContent___10gLb"
    >
      or
    </span>
  </div>
</div>
`;

exports[`FederatedSignIn test render test render nothing with incorrect authState 1`] = `""`;

exports[`FederatedSignIn test render test render nothing with incorrect authState 2`] = `null`;

exports[`FederatedSignIn test render test render nothing with no federated prop 1`] = `
<Component
  data-test="federated-sign-in-section"
  theme={
    Object {
      "a": Object {},
      "actionRow": Object {},
      "amazonSignInButton": Object {},
      "button": Object {},
      "container": Object {},
      "facebookSignInButton": Object {},
      "formContainer": Object {},
      "formField": Object {},
      "formRow": Object {},
      "formSection": Object {},
      "googleSignInButton": Object {},
      "hint": Object {},
      "input": Object {},
      "inputLabel": Object {},
      "label": Object {},
      "nav": Object {},
      "navBar": Object {},
      "navButton": Object {},
      "navItem": Object {},
      "navRight": Object {},
      "oAuthSignInButton": Object {},
      "photoPickerButton": Object {},
      "photoPlaceholder": Object {},
      "radio": Object {},
      "sectionBody": Object {},
      "sectionFooter": Object {},
      "sectionFooterPrimaryContent": Object {},
      "sectionFooterSecondaryContent": Object {},
      "sectionHeader": Object {},
      "signInButton": Object {},
      "signInButtonContent": Object {},
      "signInButtonIcon": Object {},
      "strike": Object {},
      "strikeContent": Object {},
      "toast": Object {},
    }
  }
>
  <Component
    data-test="federated-sign-in-body-section"
    theme={
      Object {
        "a": Object {},
        "actionRow": Object {},
        "amazonSignInButton": Object {},
        "button": Object {},
        "container": Object {},
        "facebookSignInButton": Object {},
        "formContainer": Object {},
        "formField": Object {},
        "formRow": Object {},
        "formSection": Object {},
        "googleSignInButton": Object {},
        "hint": Object {},
        "input": Object {},
        "inputLabel": Object {},
        "label": Object {},
        "nav": Object {},
        "navBar": Object {},
        "navButton": Object {},
        "navItem": Object {},
        "navRight": Object {},
        "oAuthSignInButton": Object {},
        "photoPickerButton": Object {},
        "photoPlaceholder": Object {},
        "radio": Object {},
        "sectionBody": Object {},
        "sectionFooter": Object {},
        "sectionFooterPrimaryContent": Object {},
        "sectionFooterSecondaryContent": Object {},
        "sectionHeader": Object {},
        "signInButton": Object {},
        "signInButtonContent": Object {},
        "signInButtonIcon": Object {},
        "strike": Object {},
        "strikeContent": Object {},
        "toast": Object {},
      }
    }
  >
    <FederatedButtons
      authState="signIn"
      data-test="federated-sign-in-buttons"
      federated={Object {}}
      onStateChange={[MockFunction]}
      theme={
        Object {
          "a": Object {},
          "actionRow": Object {},
          "amazonSignInButton": Object {},
          "button": Object {},
          "container": Object {},
          "facebookSignInButton": Object {},
          "formContainer": Object {},
          "formField": Object {},
          "formRow": Object {},
          "formSection": Object {},
          "googleSignInButton": Object {},
          "hint": Object {},
          "input": Object {},
          "inputLabel": Object {},
          "label": Object {},
          "nav": Object {},
          "navBar": Object {},
          "navButton": Object {},
          "navItem": Object {},
          "navRight": Object {},
          "oAuthSignInButton": Object {},
          "photoPickerButton": Object {},
          "photoPlaceholder": Object {},
          "radio": Object {},
          "sectionBody": Object {},
          "sectionFooter": Object {},
          "sectionFooterPrimaryContent": Object {},
          "sectionFooterSecondaryContent": Object {},
          "sectionHeader": Object {},
          "signInButton": Object {},
          "signInButtonContent": Object {},
          "signInButtonIcon": Object {},
          "strike": Object {},
          "strikeContent": Object {},
          "toast": Object {},
        }
      }
    />
  </Component>
</Component>
`;

exports[`FederatedSignIn test render test render nothing with no federated prop 2`] = `
<div
  class="Form__formContainer___1GA3x"
>
  <div
    class="Form__formSection___1PPvW"
  >
    <div
      class="Section__sectionBody___ihqqd"
      data-test="federated-sign-in-body-section"
    />
  </div>
</div>
`;

exports[`FederatedSignIn test render test render with correct authState 1`] = `
<Component
  data-test="federated-sign-in-section"
  theme={
    Object {
      "a": Object {},
      "actionRow": Object {},
      "amazonSignInButton": Object {},
      "button": Object {},
      "container": Object {},
      "facebookSignInButton": Object {},
      "formContainer": Object {},
      "formField": Object {},
      "formRow": Object {},
      "formSection": Object {},
      "googleSignInButton": Object {},
      "hint": Object {},
      "input": Object {},
      "inputLabel": Object {},
      "label": Object {},
      "nav": Object {},
      "navBar": Object {},
      "navButton": Object {},
      "navItem": Object {},
      "navRight": Object {},
      "oAuthSignInButton": Object {},
      "photoPickerButton": Object {},
      "photoPlaceholder": Object {},
      "radio": Object {},
      "sectionBody": Object {},
      "sectionFooter": Object {},
      "sectionFooterPrimaryContent": Object {},
      "sectionFooterSecondaryContent": Object {},
      "sectionHeader": Object {},
      "signInButton": Object {},
      "signInButtonContent": Object {},
      "signInButtonIcon": Object {},
      "strike": Object {},
      "strikeContent": Object {},
      "toast": Object {},
    }
  }
>
  <Component
    data-test="federated-sign-in-body-section"
    theme={
      Object {
        "a": Object {},
        "actionRow": Object {},
        "amazonSignInButton": Object {},
        "button": Object {},
        "container": Object {},
        "facebookSignInButton": Object {},
        "formContainer": Object {},
        "formField": Object {},
        "formRow": Object {},
        "formSection": Object {},
        "googleSignInButton": Object {},
        "hint": Object {},
        "input": Object {},
        "inputLabel": Object {},
        "label": Object {},
        "nav": Object {},
        "navBar": Object {},
        "navButton": Object {},
        "navItem": Object {},
        "navRight": Object {},
        "oAuthSignInButton": Object {},
        "photoPickerButton": Object {},
        "photoPlaceholder": Object {},
        "radio": Object {},
        "sectionBody": Object {},
        "sectionFooter": Object {},
        "sectionFooterPrimaryContent": Object {},
        "sectionFooterSecondaryContent": Object {},
        "sectionHeader": Object {},
        "signInButton": Object {},
        "signInButtonContent": Object {},
        "signInButtonIcon": Object {},
        "strike": Object {},
        "strikeContent": Object {},
        "toast": Object {},
      }
    }
  >
    <FederatedButtons
      authState="signIn"
      data-test="federated-sign-in-buttons"
      federated={Object {}}
      onStateChange={[MockFunction]}
      theme={
        Object {
          "a": Object {},
          "actionRow": Object {},
          "amazonSignInButton": Object {},
          "button": Object {},
          "container": Object {},
          "facebookSignInButton": Object {},
          "formContainer": Object {},
          "formField": Object {},
          "formRow": Object {},
          "formSection": Object {},
          "googleSignInButton": Object {},
          "hint": Object {},
          "input": Object {},
          "inputLabel": Object {},
          "label": Object {},
          "nav": Object {},
          "navBar": Object {},
          "navButton": Object {},
          "navItem": Object {},
          "navRight": Object {},
          "oAuthSignInButton": Object {},
          "photoPickerButton": Object {},
          "photoPlaceholder": Object {},
          "radio": Object {},
          "sectionBody": Object {},
          "sectionFooter": Object {},
          "sectionFooterPrimaryContent": Object {},
          "sectionFooterSecondaryContent": Object {},
          "sectionHeader": Object {},
          "signInButton": Object {},
          "signInButtonContent": Object {},
          "signInButtonIcon": Object {},
          "strike": Object {},
          "strikeContent": Object {},
          "toast": Object {},
        }
      }
    />
  </Component>
</Component>
`;

exports[`FederatedSignIn test render test render with correct authState 2`] = `
<div
  class="Form__formContainer___1GA3x"
>
  <div
    class="Form__formSection___1PPvW"
  >
    <div
      class="Section__sectionBody___ihqqd"
      data-test="federated-sign-in-body-section"
    />
  </div>
</div>
`;
