// Jest Snapshot v1, https://goo.gl/fbAQLP

exports[`amplify-select-mfa-type spec: Render logic -> should render a \`less than 2 mfa types available\` message by default 1`] = `
<amplify-select-mfa-type>
  <div>
    <div>
      <a>
        Less than two mfa types available
      </a>
    </div>
  </div>
</amplify-select-mfa-type>
`;
