// Jest Snapshot v1, https://goo.gl/fbAQLP

exports[`amplify-sign-up spec: Render logic -> should render a \`sign up\` form by default 1`] = `
<amplify-sign-up>
  <context-consumer></context-consumer>
</amplify-sign-up>
`;
