// Jest Snapshot v1, https://goo.gl/fbAQLP

exports[`MessageWrapper renders as expected 1`] = `
<Modal
  hardwareAccelerated={false}
  supportedOrientations={
    Array [
      "portrait",
      "portrait-upside-down",
      "landscape",
      "landscape-left",
      "landscape-right",
    ]
  }
  transparent={true}
  visible={true}
>
  <RCTSafeAreaView
    emulateUnlessSupported={true}
    style={
      Array [
        Object {
          "flex": 1,
        },
        undefined,
      ]
    }
  >
    <Text>
      Children
    </Text>
  </RCTSafeAreaView>
</Modal>
`;
