// Jest Snapshot v1, https://goo.gl/fbAQLP

exports[`amplify-strike stories withText 1`] = `
<amplify-strike class="css-15fj29q">
  <!---->
  <span>
    or
  </span>
</amplify-strike>
`;
