// Jest Snapshot v1, https://goo.gl/fbAQLP

exports[`amplify-s3-image spec: Render logic -> should render nothing without 'imgKey' or 'path' 1`] = `<amplify-s3-image class="amplify-ui--s3-image css-1mm210s"></amplify-s3-image>`;
