// Jest Snapshot v1, https://goo.gl/fbAQLP

exports[`amplify-sign-in spec: Render logic -> should render a \`sign in\` form by default 1`] = `
<amplify-sign-in>
  <amplify-form-section headertext="Sign into your account">
    <amplify-auth-fields></amplify-auth-fields>
  </amplify-form-section>
</amplify-sign-in>
`;
