// Jest Snapshot v1, https://goo.gl/fbAQLP

exports[`amplify-toast spec: Render logic -> should render \`Toast!\` 1`] = `
<amplify-toast>
  <!---->
  <div class="css-1toxen">
    <a class="css-1s6iclz"></a>
  </div>
</amplify-toast>
`;
