// Jest Snapshot v1, https://goo.gl/fbAQLP

exports[`server generateClient with cookies with request can custom query 1`] = `
[
  [
    "AmplifyClassV6",
    {
      "authMode": undefined,
      "authToken": undefined,
      "query": "
		query($argumentContent: String!) {
			echo(argumentContent: $argumentContent) {resultContent}
		}
	",
      "variables": {
        "argumentContent": "echo argumentContent value",
      },
    },
  ],
]
`;
