// Jest Snapshot v1, https://goo.gl/fbAQLP

exports[`@amplify/ui-components bundle size should match snapshot 1`] = `
Object {
  "amplify-ui-components.js": "1 KB",
  "amplify-ui-components/amplify-ui-components.esm.js": "7 KB",
  "amplify-ui-components/amplify-ui-components.js": "133 KB",
  "amplify-ui-components/index.esm.js": "0 Bytes",
  "amplify-ui-components/p-16b5f301.system.js": "128 KB",
  "amplify-ui-components/p-1b58edb5.system.js": "7 KB",
  "amplify-ui-components/p-253baf35.system.js": "121 KB",
  "amplify-ui-components/p-3b66a627.js": "18 KB",
  "amplify-ui-components/p-447ccb56.system.js": "9 KB",
  "amplify-ui-components/p-4ystopnp.system.entry.js": "138 KB",
  "amplify-ui-components/p-50ea2036.system.js": "76 Bytes",
  "amplify-ui-components/p-710c19ec.system.js": "367 Bytes",
  "amplify-ui-components/p-73bc5e11.js": "8 KB",
  "amplify-ui-components/p-75f321a4.js": "5 KB",
  "amplify-ui-components/p-76c4b950.system.js": "38 KB",
  "amplify-ui-components/p-78fd03b6.js": "112 KB",
  "amplify-ui-components/p-7f10eb01.system.js": "19 KB",
  "amplify-ui-components/p-a0bea9e2.system.js": "6 KB",
  "amplify-ui-components/p-bb6984a2.js": "226 Bytes",
  "amplify-ui-components/p-bntwbijf.system.entry.js": "1 KB",
  "amplify-ui-components/p-cdc67a81.js": "113 KB",
  "amplify-ui-components/p-e2882bf1.js": "29 KB",
  "amplify-ui-components/p-ggoof1ea.entry.js": "1 KB",
  "amplify-ui-components/p-hvhn3kml.entry.js": "677 Bytes",
  "amplify-ui-components/p-igk9zfmo.entry.js": "978 Bytes",
  "amplify-ui-components/p-lywut2qo.system.entry.js": "889 Bytes",
  "amplify-ui-components/p-otxk67kz.entry.js": "119 KB",
  "amplify-ui-components/p-tvet0hwk.system.entry.js": "1 KB",
  "amplify-ui-components/p-v8v65qn7.entry.js": "933 Bytes",
  "amplify-ui-components/p-wvuhcizn.system.entry.js": "3 KB",
  "cjs/amplify-amazon-button_43.cjs.entry.js": "252 KB",
  "cjs/amplify-checkbox.cjs.entry.js": "1 KB",
  "cjs/amplify-federated-sign-in.cjs.entry.js": "2 KB",
  "cjs/amplify-greetings.cjs.entry.js": "2 KB",
  "cjs/amplify-nav_2.cjs.entry.js": "2 KB",
  "cjs/amplify-ui-components.cjs.js": "7 KB",
  "cjs/auth-types-32e3db93.js": "324 KB",
  "cjs/constants-3b435bb8.js": "293 KB",
  "cjs/core-b776c379.js": "105 KB",
  "cjs/css-shim-6aaf713d-bfe06088.js": "21 KB",
  "cjs/dom-76cc7c7d-769a0dda.js": "19 KB",
  "cjs/helpers-f050131f.js": "747 Bytes",
  "cjs/index.cjs.js": "15 Bytes",
  "cjs/loader.cjs.js": "7 KB",
  "cjs/shadow-css-d7d058ec-dddd86ff.js": "15 KB",
  "collection/collection-manifest.json": "3 KB",
  "collection/common/constants.js": "6 KB",
  "collection/common/country-dial-codes.js": "8 KB",
  "collection/common/helpers.js": "616 Bytes",
  "collection/common/testing.js": "2 KB",
  "collection/common/types/auth-types.js": "2 KB",
  "collection/common/types/ui-types.js": "0 Bytes",
  "collection/components/amplify-amazon-button/amplify-amazon-button.js": "5 KB",
  "collection/components/amplify-auth-fields/amplify-auth-fields-interface.js": "0 Bytes",
  "collection/components/amplify-auth-fields/amplify-auth-fields.js": "2 KB",
  "collection/components/amplify-auth-fields/component-field-mapping.js": "2 KB",
  "collection/components/amplify-auth0-button/amplify-auth0-button.js": "6 KB",
  "collection/components/amplify-authenticator/amplify-authenticator.js": "8 KB",
  "collection/components/amplify-button/amplify-button.css": "1 KB",
  "collection/components/amplify-button/amplify-button.js": "4 KB",
  "collection/components/amplify-checkbox/amplify-checkbox.css": "238 Bytes",
  "collection/components/amplify-checkbox/amplify-checkbox.js": "5 KB",
  "collection/components/amplify-code-field/amplify-code-field.js": "6 KB",
  "collection/components/amplify-confirm-sign-in/amplify-confirm-sign-in.js": "10 KB",
  "collection/components/amplify-confirm-sign-up/amplify-confirm-sign-up.js": "10 KB",
  "collection/components/amplify-country-dial-code/amplify-country-dial-code-interface.js": "0 Bytes",
  "collection/components/amplify-country-dial-code/amplify-country-dial-code.js": "3 KB",
  "collection/components/amplify-email-field/amplify-email-field.js": "5 KB",
  "collection/components/amplify-examples/amplify-examples.js": "1 KB",
  "collection/components/amplify-examples/auth-totp-example.js": "584 Bytes",
  "collection/components/amplify-examples/authenticator-example.js": "207 Bytes",
  "collection/components/amplify-examples/custom-authenticator-example.js": "435 Bytes",
  "collection/components/amplify-examples/example4.js": "453 Bytes",
  "collection/components/amplify-examples/rock-paper-scissor/rock-paper-scissor.css": "69 Bytes",
  "collection/components/amplify-examples/rock-paper-scissor/rock-paper-scissor.js": "2 KB",
  "collection/components/amplify-examples/scene-example.js": "191 Bytes",
  "collection/components/amplify-examples/src/aws-exports.js": "1 KB",
  "collection/components/amplify-facebook-button/amplify-facebook-button.js": "6 KB",
  "collection/components/amplify-federated-buttons/amplify-federated-buttons.js": "6 KB",
  "collection/components/amplify-federated-sign-in/amplify-federated-sign-in.js": "4 KB",
  "collection/components/amplify-forgot-password/amplify-forgot-password-interface.js": "0 Bytes",
  "collection/components/amplify-forgot-password/amplify-forgot-password.js": "9 KB",
  "collection/components/amplify-form-field/amplify-form-field.css": "310 Bytes",
  "collection/components/amplify-form-field/amplify-form-field.js": "10 KB",
  "collection/components/amplify-form-section/amplify-form-section-interface.js": "0 Bytes",
  "collection/components/amplify-form-section/amplify-form-section.css": "629 Bytes",
  "collection/components/amplify-form-section/amplify-form-section.js": "7 KB",
  "collection/components/amplify-google-button/amplify-google-button.js": "5 KB",
  "collection/components/amplify-greetings/amplify-greetings.css": "348 Bytes",
  "collection/components/amplify-greetings/amplify-greetings.js": "4 KB",
  "collection/components/amplify-hint/amplify-hint.css": "280 Bytes",
  "collection/components/amplify-hint/amplify-hint.js": "1 KB",
  "collection/components/amplify-icon-button/amplify-icon-button.css": "894 Bytes",
  "collection/components/amplify-icon-button/amplify-icon-button.js": "3 KB",
  "collection/components/amplify-icon/amplify-icon.css": "95 Bytes",
  "collection/components/amplify-icon/amplify-icon.js": "2 KB",
  "collection/components/amplify-icon/icons.js": "13 KB",
  "collection/components/amplify-input/amplify-input.css": "594 Bytes",
  "collection/components/amplify-input/amplify-input.js": "7 KB",
  "collection/components/amplify-label/amplify-label.css": "140 Bytes",
  "collection/components/amplify-label/amplify-label.js": "2 KB",
  "collection/components/amplify-link/amplify-link.css": "435 Bytes",
  "collection/components/amplify-link/amplify-link.js": "2 KB",
  "collection/components/amplify-nav/amplify-nav.css": "125 Bytes",
  "collection/components/amplify-nav/amplify-nav.js": "440 Bytes",
  "collection/components/amplify-oauth-button/amplify-oauth-button.js": "2 KB",
  "collection/components/amplify-password-field/amplify-password-field.js": "6 KB",
  "collection/components/amplify-phone-field/amplify-phone-field.css": "157 Bytes",
  "collection/components/amplify-phone-field/amplify-phone-field.js": "7 KB",
  "collection/components/amplify-radio-button/amplify-radio-button.css": "223 Bytes",
  "collection/components/amplify-radio-button/amplify-radio-button.js": "6 KB",
  "collection/components/amplify-require-new-password/amplify-require-new-password.js": "9 KB",
  "collection/components/amplify-scene-loading/amplify-scene-loading.css": "1 KB",
  "collection/components/amplify-scene-loading/amplify-scene-loading.js": "9 KB",
  "collection/components/amplify-scene/amplify-scene-interface.js": "0 Bytes",
  "collection/components/amplify-scene/amplify-scene.css": "290 Bytes",
  "collection/components/amplify-scene/amplify-scene.js": "7 KB",
  "collection/components/amplify-section/amplify-section.css": "421 Bytes",
  "collection/components/amplify-section/amplify-section.js": "2 KB",
  "collection/components/amplify-select-mfa-type/amplify-select-mfa-type.js": "7 KB",
  "collection/components/amplify-select/amplify-select-interface.js": "0 Bytes",
  "collection/components/amplify-select/amplify-select.css": "1 KB",
  "collection/components/amplify-select/amplify-select.js": "4 KB",
  "collection/components/amplify-sign-in-button/amplify-sign-in-button.css": "2 KB",
  "collection/components/amplify-sign-in-button/amplify-sign-in-button.js": "2 KB",
  "collection/components/amplify-sign-in/amplify-sign-in-interface.js": "0 Bytes",
  "collection/components/amplify-sign-in/amplify-sign-in.css": "426 Bytes",
  "collection/components/amplify-sign-in/amplify-sign-in.js": "14 KB",
  "collection/components/amplify-sign-out/amplify-sign-out.js": "3 KB",
  "collection/components/amplify-sign-up/amplify-sign-up-form-footer.js": "557 Bytes",
  "collection/components/amplify-sign-up/amplify-sign-up-interface.js": "0 Bytes",
  "collection/components/amplify-sign-up/amplify-sign-up.css": "413 Bytes",
  "collection/components/amplify-sign-up/amplify-sign-up.js": "13 KB",
  "collection/components/amplify-strike/amplify-strike.css": "431 Bytes",
  "collection/components/amplify-strike/amplify-strike.js": "1 KB",
  "collection/components/amplify-toast/amplify-toast.css": "2 KB",
  "collection/components/amplify-toast/amplify-toast.js": "2 KB",
  "collection/components/amplify-tooltip/amplify-tooltip.css": "1 KB",
  "collection/components/amplify-tooltip/amplify-tooltip.js": "3 KB",
  "collection/components/amplify-totp-setup/amplify-totp-setup-interface.js": "0 Bytes",
  "collection/components/amplify-totp-setup/amplify-totp-setup.css": "113 Bytes",
  "collection/components/amplify-totp-setup/amplify-totp-setup.js": "6 KB",
  "collection/components/amplify-username-field/amplify-username-field.js": "5 KB",
  "collection/components/amplify-verify-contact/amplify-verify-contact.js": "6 KB",
  "collection/global/theme.js": "2 KB",
  "esm-es5/amplify-amazon-button_43.entry.js": "298 KB",
  "esm-es5/amplify-checkbox.entry.js": "1 KB",
  "esm-es5/amplify-federated-sign-in.entry.js": "2 KB",
  "esm-es5/amplify-greetings.entry.js": "2 KB",
  "esm-es5/amplify-nav_2.entry.js": "5 KB",
  "esm-es5/amplify-ui-components.mjs": "8 KB",
  "esm-es5/auth-types-7866e823.js": "330 KB",
  "esm-es5/constants-d7b0c87d.js": "314 KB",
  "esm-es5/core-4b52984a.js": "120 KB",
  "esm-es5/css-shim-6aaf713d-9b13816a.js": "21 KB",
  "esm-es5/dom-76cc7c7d-0a082895.js": "27 KB",
  "esm-es5/helpers-625f3924.js": "684 Bytes",
  "esm-es5/index.mjs": "0 Bytes",
  "esm-es5/loader.mjs": "8 KB",
  "esm-es5/shadow-css-d7d058ec-50f507a9.js": "16 KB",
  "esm/amplify-amazon-button_43.entry.js": "250 KB",
  "esm/amplify-checkbox.entry.js": "1 KB",
  "esm/amplify-federated-sign-in.entry.js": "2 KB",
  "esm/amplify-greetings.entry.js": "2 KB",
  "esm/amplify-nav_2.entry.js": "2 KB",
  "esm/amplify-ui-components.mjs": "7 KB",
  "esm/auth-types-7866e823.js": "324 KB",
  "esm/constants-d7b0c87d.js": "291 KB",
  "esm/core-4b52984a.js": "105 KB",
  "esm/css-shim-6aaf713d-9b13816a.js": "21 KB",
  "esm/dom-76cc7c7d-0a082895.js": "19 KB",
  "esm/helpers-625f3924.js": "683 Bytes",
  "esm/index.mjs": "1 Bytes",
  "esm/loader.mjs": "7 KB",
  "esm/polyfills/core-js.js": "78 KB",
  "esm/polyfills/css-shim.js": "21 KB",
  "esm/polyfills/dom.js": "20 KB",
  "esm/polyfills/es5-html-element.js": "635 Bytes",
  "esm/polyfills/index.js": "1 KB",
  "esm/polyfills/promise.js": "7 KB",
  "esm/polyfills/system.js": "4 KB",
  "esm/shadow-css-d7d058ec-50f507a9.js": "15 KB",
  "index.js": "47 Bytes",
  "index.mjs": "36 Bytes",
  "loader/cdn.js": "124 Bytes",
  "loader/index.cjs.js": "124 Bytes",
  "loader/index.d.ts": "688 Bytes",
  "loader/index.es2017.mjs": "79 Bytes",
  "loader/index.mjs": "719 Bytes",
  "loader/node-main.js": "153 Bytes",
  "loader/package.json": "291 Bytes",
  "types/common/constants.d.ts": "5 KB",
  "types/common/country-dial-codes.d.ts": "110 Bytes",
  "types/common/helpers.d.ts": "363 Bytes",
  "types/common/testing.d.ts": "859 Bytes",
  "types/common/types/auth-types.d.ts": "2 KB",
  "types/common/types/ui-types.d.ts": "189 Bytes",
  "types/components.d.ts": "73 KB",
  "types/components/amplify-amazon-button/amplify-amazon-button.d.ts": "706 Bytes",
  "types/components/amplify-auth-fields/amplify-auth-fields-interface.d.ts": "416 Bytes",
  "types/components/amplify-auth-fields/amplify-auth-fields.d.ts": "916 Bytes",
  "types/components/amplify-auth-fields/component-field-mapping.d.ts": "386 Bytes",
  "types/components/amplify-auth0-button/amplify-auth0-button.d.ts": "475 Bytes",
  "types/components/amplify-authenticator/amplify-authenticator.d.ts": "758 Bytes",
  "types/components/amplify-button/amplify-button.d.ts": "438 Bytes",
  "types/components/amplify-checkbox/amplify-checkbox.d.ts": "531 Bytes",
  "types/components/amplify-code-field/amplify-code-field.d.ts": "1012 Bytes",
  "types/components/amplify-confirm-sign-in/amplify-confirm-sign-in.d.ts": "2 KB",
  "types/components/amplify-confirm-sign-up/amplify-confirm-sign-up.d.ts": "2 KB",
  "types/components/amplify-country-dial-code/amplify-country-dial-code-interface.d.ts": "166 Bytes",
  "types/components/amplify-country-dial-code/amplify-country-dial-code.d.ts": "549 Bytes",
  "types/components/amplify-email-field/amplify-email-field.d.ts": "833 Bytes",
  "types/components/amplify-examples/amplify-examples.d.ts": "116 Bytes",
  "types/components/amplify-examples/auth-totp-example.d.ts": "129 Bytes",
  "types/components/amplify-examples/authenticator-example.d.ts": "91 Bytes",
  "types/components/amplify-examples/custom-authenticator-example.d.ts": "97 Bytes",
  "types/components/amplify-examples/example4.d.ts": "97 Bytes",
  "types/components/amplify-examples/rock-paper-scissor/rock-paper-scissor.d.ts": "351 Bytes",
  "types/components/amplify-examples/scene-example.d.ts": "97 Bytes",
  "types/components/amplify-facebook-button/amplify-facebook-button.d.ts": "758 Bytes",
  "types/components/amplify-federated-buttons/amplify-federated-buttons.d.ts": "616 Bytes",
  "types/components/amplify-federated-sign-in/amplify-federated-sign-in.d.ts": "298 Bytes",
  "types/components/amplify-forgot-password/amplify-forgot-password-interface.d.ts": "56 Bytes",
  "types/components/amplify-forgot-password/amplify-forgot-password.d.ts": "1 KB",
  "types/components/amplify-form-field/amplify-form-field.d.ts": "2 KB",
  "types/components/amplify-form-section/amplify-form-section-interface.d.ts": "448 Bytes",
  "types/components/amplify-form-section/amplify-form-section.d.ts": "736 Bytes",
  "types/components/amplify-google-button/amplify-google-button.d.ts": "825 Bytes",
  "types/components/amplify-greetings/amplify-greetings.d.ts": "680 Bytes",
  "types/components/amplify-hint/amplify-hint.d.ts": "131 Bytes",
  "types/components/amplify-icon-button/amplify-icon-button.d.ts": "273 Bytes",
  "types/components/amplify-icon/amplify-icon.d.ts": "308 Bytes",
  "types/components/amplify-icon/icons.d.ts": "293 Bytes",
  "types/components/amplify-input/amplify-input.d.ts": "1 KB",
  "types/components/amplify-label/amplify-label.d.ts": "106 Bytes",
  "types/components/amplify-link/amplify-link.d.ts": "123 Bytes",
  "types/components/amplify-nav/amplify-nav.d.ts": "55 Bytes",
  "types/components/amplify-oauth-button/amplify-oauth-button.d.ts": "286 Bytes",
  "types/components/amplify-password-field/amplify-password-field.d.ts": "1011 Bytes",
  "types/components/amplify-phone-field/amplify-phone-field.d.ts": "1013 Bytes",
  "types/components/amplify-radio-button/amplify-radio-button.d.ts": "848 Bytes",
  "types/components/amplify-require-new-password/amplify-require-new-password.d.ts": "1 KB",
  "types/components/amplify-scene-loading/amplify-scene-loading.d.ts": "235 Bytes",
  "types/components/amplify-scene/amplify-scene-interface.d.ts": "83 Bytes",
  "types/components/amplify-scene/amplify-scene.d.ts": "658 Bytes",
  "types/components/amplify-section/amplify-section.d.ts": "127 Bytes",
  "types/components/amplify-select-mfa-type/amplify-select-mfa-type.d.ts": "685 Bytes",
  "types/components/amplify-select/amplify-select-interface.d.ts": "416 Bytes",
  "types/components/amplify-select/amplify-select.d.ts": "670 Bytes",
  "types/components/amplify-sign-in-button/amplify-sign-in-button.d.ts": "207 Bytes",
  "types/components/amplify-sign-in/amplify-sign-in-interface.d.ts": "340 Bytes",
  "types/components/amplify-sign-in/amplify-sign-in.d.ts": "2 KB",
  "types/components/amplify-sign-out/amplify-sign-out.d.ts": "447 Bytes",
  "types/components/amplify-sign-up/amplify-sign-up-form-footer.d.ts": "220 Bytes",
  "types/components/amplify-sign-up/amplify-sign-up-interface.d.ts": "474 Bytes",
  "types/components/amplify-sign-up/amplify-sign-up.d.ts": "2 KB",
  "types/components/amplify-strike/amplify-strike.d.ts": "133 Bytes",
  "types/components/amplify-toast/amplify-toast.d.ts": "181 Bytes",
  "types/components/amplify-tooltip/amplify-tooltip.d.ts": "343 Bytes",
  "types/components/amplify-totp-setup/amplify-totp-setup-interface.d.ts": "55 Bytes",
  "types/components/amplify-totp-setup/amplify-totp-setup.d.ts": "1 KB",
  "types/components/amplify-username-field/amplify-username-field.d.ts": "839 Bytes",
  "types/components/amplify-verify-contact/amplify-verify-contact.d.ts": "680 Bytes",
  "types/global/theme.d.ts": "11 Bytes",
  "types/stencil.core.d.ts": "40 KB",
}
`;
